chrom	start	strand	score	classification	details	upstream_3end_seq	3' end	TS	Kinefold_structure	A-tract	Hairpin	Hp_structure	Loop_seq	U-Tract
chr	2278567	+	1085.844	antisense, 	A:gene_id "EG11419"; gene_name "bcr";	GGTTGACATGCATCAACAAAGGAAGCCTTTTAGCTTCCTCGTTGTGCAATAGATCACCGTT	2278567	1.0101473137793338	....((((((.........(((.......((((((.....)))))).)))..))))))...	AAUCAGUA	GGUCACCAGUUCGAUUCCGGUAGUCGGCACC	(((.......((((((.....)))))).)))	CCGGU	AUCAAGUCCGG
chr	2278567	-	1085.844	antisense, 	A:gene_id "EG11419"; gene_name "bcr";	GGTTGACATGCATCAACAAAGGAAGCCTTTTAGCTTCCTCGTTGTGCAATAGATCACCGTT	2278567	1.0111248243191644	.(((((.......)))))..((((((((.......)))))..)))................	A	ACGACCUUCUAAGUCGU	(((((.......)))))	CUUCUAA	GGGCCGCAGGUU
chr	2282535	+	865.2705	internal, 	I:gene_id "EG10885"; gene_name "rplY";	CCTGTAGCAGGATTAATTTAAGAGAGAAAGAAATGTTTACTATCAACGCAGAAGTACGTAA	2282535	1.0391093475650013	..(((((.......)))))....(((((.......))))).....................	CC	UCAGCCUUCCAAGCUGA	(((((.......)))))	CUUCCAA	UGAUGCGGGUUC
chr	2282535	-	865.2705	internal, 	I:gene_id "EG10885"; gene_name "rplY";	CCTGTAGCAGGATTAATTTAAGAGAGAAAGAAATGTTTACTATCAACGCAGAAGTACGTAA	2282535	1.3440789602998404	((((((...)))))).((((((....((((....))))...))))))..............		GGGAUUGAAAAUCCC	((((((...))))))	GAA	CGUGUCCUUGGU
chr	2282580	+	865.2705	internal, 	I:gene_id "EG10885"; gene_name "rplY";	ACGCAGAAGTACGTAAAGAGCAGGGTAAGGGTGCGAGCCGCCGCCTGCGTGCCGCTAACAA	2282580	1.132800317356912	..((((((...))))))...((((((((.......)))))....)))..............	AG	CGCAUUCGUAAUGCG	((((((...))))))	CGU	AAGGUCGUAGGU
chr	2284559	+	954.333	internal, 	I:gene_id "EG12049"; gene_name "yejM";	CAACGCTTGCTGGTCGCATTTATTCCTACGTAAGCATTATCGGCCATTTCAGCTTCCTGGT	2284559	1.333782331008599	.(((((.......))))).....(((((.......))))).....................	C	CUGGAUUGUGAUUCCAG	(((((.......)))))	UUGUGAU	UUGUCGUGGGUU
chr	2284559	-	954.333	internal, 	I:gene_id "EG12049"; gene_name "yejM";	CAACGCTTGCTGGTCGCATTTATTCCTACGTAAGCATTATCGGCCATTTCAGCTTCCTGGT	2284559	1.5554376968063965	....(((((((.........((((((.......))))))(((......)))...)))))))	AGCUGGCA	GGGCCCCCACCC	(((......)))	CCCCCA	AUUUCUGCCU
chr	2286287	+	2986635.0	primary, 	P:gene_id "EG30067"; gene_name "proL";	ACCGTCATGGGGTGTCGGGGGTCGGAGGTTCAAATCCTCTCGTGCCGACCAAAAATCCCAA	2286287	1.2994862087029395	..........((((....)))).(((((.......))))).....(((.........))).	AAAUACGU	GCCGGUUCGAGUCCGGC	(((((.......)))))	UUCGAGU	CUUCGGCACCAA
chr	2286287	-	2986635.0	primary, 	P:gene_id "EG30067"; gene_name "proL";	ACCGTCATGGGGTGTCGGGGGTCGGAGGTTCAAATCCTCTCGTGCCGACCAAAAATCCCAA	2286287	1.082473752884958	.(((((.......))))).....(((((.......)))))...(((((......)))))..	UGGGGGUC	GUUGGUUCGAGUCCAAU	(((((.......)))))	UUCGAGU	UGAACGCACCAU
